\\mac\home\desktop\lkh3-site\lkhwin-3.0.13\x64\debug\lkh-3.exe
\\mac\home\desktop\lkh3-site\lkhwin-3.0.13\x64\debug\lkh-3.pdb
\\mac\home\desktop\lkh3-site\lkhwin-3.0.13\lkh-3\x64\debug\vc143.pdb
\\mac\home\desktop\lkh3-site\lkhwin-3.0.13\lkh-3\x64\debug\vc143.idb
\\mac\home\desktop\lkh3-site\lkhwin-3.0.13\lkh-3\x64\debug\buildkdtree.obj
\\mac\home\desktop\lkh3-site\lkhwin-3.0.13\lkh-3\x64\debug\bridgegain.obj
\\mac\home\desktop\lkh3-site\lkhwin-3.0.13\lkh-3\x64\debug\bit.obj
\\mac\home\desktop\lkh3-site\lkhwin-3.0.13\lkh-3\x64\debug\between_ssl.obj
\\mac\home\desktop\lkh3-site\lkhwin-3.0.13\lkh-3\x64\debug\between_sl.obj
\\mac\home\desktop\lkh3-site\lkhwin-3.0.13\lkh-3\x64\debug\between.obj
\\mac\home\desktop\lkh3-site\lkhwin-3.0.13\lkh-3\x64\debug\bestspecialoptmove.obj
\\mac\home\desktop\lkh3-site\lkhwin-3.0.13\lkh-3\x64\debug\bestkoptmove.obj
\\mac\home\desktop\lkh3-site\lkhwin-3.0.13\lkh-3\x64\debug\best5optmove.obj
\\mac\home\desktop\lkh3-site\lkhwin-3.0.13\lkh-3\x64\debug\best4optmove.obj
\\mac\home\desktop\lkh3-site\lkhwin-3.0.13\lkh-3\x64\debug\best3optmove.obj
\\mac\home\desktop\lkh3-site\lkhwin-3.0.13\lkh-3\x64\debug\best2optmove.obj
\\mac\home\desktop\lkh3-site\lkhwin-3.0.13\lkh-3\x64\debug\ascent.obj
\\mac\home\desktop\lkh3-site\lkhwin-3.0.13\lkh-3\x64\debug\allocatestructures.obj
\\mac\home\desktop\lkh3-site\lkhwin-3.0.13\lkh-3\x64\debug\adjustclusters.obj
\\mac\home\desktop\lkh3-site\lkhwin-3.0.13\lkh-3\x64\debug\adjustcandidateset.obj
\\mac\home\desktop\lkh3-site\lkhwin-3.0.13\lkh-3\x64\debug\addtourcandidates.obj
\\mac\home\desktop\lkh3-site\lkhwin-3.0.13\lkh-3\x64\debug\addextracandidates.obj
\\mac\home\desktop\lkh3-site\lkhwin-3.0.13\lkh-3\x64\debug\addcandidate.obj
\\mac\home\desktop\lkh3-site\lkhwin-3.0.13\lkh-3\x64\debug\activate.obj
\\mac\home\desktop\lkh3-site\lkhwin-3.0.13\lkh-3\x64\debug\exclude.obj
\\mac\home\desktop\lkh3-site\lkhwin-3.0.13\lkh-3\x64\debug\excludable.obj
\\mac\home\desktop\lkh3-site\lkhwin-3.0.13\lkh-3\x64\debug\erxt.obj
\\mac\home\desktop\lkh3-site\lkhwin-3.0.13\lkh-3\x64\debug\eprintf.obj
\\mac\home\desktop\lkh3-site\lkhwin-3.0.13\lkh-3\x64\debug\distance_special.obj
\\mac\home\desktop\lkh3-site\lkhwin-3.0.13\lkh-3\x64\debug\distance_sop.obj
\\mac\home\desktop\lkh3-site\lkhwin-3.0.13\lkh-3\x64\debug\distance_mtsp.obj
\\mac\home\desktop\lkh3-site\lkhwin-3.0.13\lkh-3\x64\debug\distance.obj
\\mac\home\desktop\lkh3-site\lkhwin-3.0.13\lkh-3\x64\debug\delaunay.obj
\\mac\home\desktop\lkh3-site\lkhwin-3.0.13\lkh-3\x64\debug\cvrp_initialtour.obj
\\mac\home\desktop\lkh3-site\lkhwin-3.0.13\lkh-3\x64\debug\ctsp_initialtour.obj
\\mac\home\desktop\lkh3-site\lkhwin-3.0.13\lkh-3\x64\debug\create_popmusic_candidateset.obj
\\mac\home\desktop\lkh3-site\lkhwin-3.0.13\lkh-3\x64\debug\createquadrantcandidateset.obj
\\mac\home\desktop\lkh3-site\lkhwin-3.0.13\lkh-3\x64\debug\createnncandidateset.obj
\\mac\home\desktop\lkh3-site\lkhwin-3.0.13\lkh-3\x64\debug\createdelaunaycandidateset.obj
\\mac\home\desktop\lkh3-site\lkhwin-3.0.13\lkh-3\x64\debug\createcandidateset.obj
\\mac\home\desktop\lkh3-site\lkhwin-3.0.13\lkh-3\x64\debug\connect.obj
\\mac\home\desktop\lkh3-site\lkhwin-3.0.13\lkh-3\x64\debug\chooseinitialtour.obj
\\mac\home\desktop\lkh3-site\lkhwin-3.0.13\lkh-3\x64\debug\candidatereport.obj
\\mac\home\desktop\lkh3-site\lkhwin-3.0.13\lkh-3\x64\debug\c.obj
\\mac\home\desktop\lkh3-site\lkhwin-3.0.13\lkh-3\x64\debug\isbackbonecandidate.obj
\\mac\home\desktop\lkh3-site\lkhwin-3.0.13\lkh-3\x64\debug\improvement.obj
\\mac\home\desktop\lkh3-site\lkhwin-3.0.13\lkh-3\x64\debug\heap.obj
\\mac\home\desktop\lkh3-site\lkhwin-3.0.13\lkh-3\x64\debug\hashing.obj
\\mac\home\desktop\lkh3-site\lkhwin-3.0.13\lkh-3\x64\debug\greedytour.obj
\\mac\home\desktop\lkh3-site\lkhwin-3.0.13\lkh-3\x64\debug\gpx.obj
\\mac\home\desktop\lkh3-site\lkhwin-3.0.13\lkh-3\x64\debug\gettime.obj
\\mac\home\desktop\lkh3-site\lkhwin-3.0.13\lkh-3\x64\debug\geoconversion.obj
\\mac\home\desktop\lkh3-site\lkhwin-3.0.13\lkh-3\x64\debug\genetic.obj
\\mac\home\desktop\lkh3-site\lkhwin-3.0.13\lkh-3\x64\debug\generatecandidates.obj
\\mac\home\desktop\lkh3-site\lkhwin-3.0.13\lkh-3\x64\debug\gctsp_initialtour.obj
\\mac\home\desktop\lkh3-site\lkhwin-3.0.13\lkh-3\x64\debug\gain23.obj
\\mac\home\desktop\lkh3-site\lkhwin-3.0.13\lkh-3\x64\debug\fscanint.obj
\\mac\home\desktop\lkh3-site\lkhwin-3.0.13\lkh-3\x64\debug\freestructures.obj
\\mac\home\desktop\lkh3-site\lkhwin-3.0.13\lkh-3\x64\debug\forbidden.obj
\\mac\home\desktop\lkh3-site\lkhwin-3.0.13\lkh-3\x64\debug\flip_ssl.obj
\\mac\home\desktop\lkh3-site\lkhwin-3.0.13\lkh-3\x64\debug\flip_sl.obj
\\mac\home\desktop\lkh3-site\lkhwin-3.0.13\lkh-3\x64\debug\flip.obj
\\mac\home\desktop\lkh3-site\lkhwin-3.0.13\lkh-3\x64\debug\fixedorcommoncandidates.obj
\\mac\home\desktop\lkh3-site\lkhwin-3.0.13\lkh-3\x64\debug\findtour.obj
\\mac\home\desktop\lkh3-site\lkhwin-3.0.13\lkh-3\x64\debug\mtsp_initialtour.obj
\\mac\home\desktop\lkh3-site\lkhwin-3.0.13\lkh-3\x64\debug\mtsp2tsp.obj
\\mac\home\desktop\lkh3-site\lkhwin-3.0.13\lkh-3\x64\debug\minimumspanningtree.obj
\\mac\home\desktop\lkh3-site\lkhwin-3.0.13\lkh-3\x64\debug\minimum1treecost.obj
\\mac\home\desktop\lkh3-site\lkhwin-3.0.13\lkh-3\x64\debug\mergewithtouript.obj
\\mac\home\desktop\lkh3-site\lkhwin-3.0.13\lkh-3\x64\debug\mergewithtourgpx2.obj
\\mac\home\desktop\lkh3-site\lkhwin-3.0.13\lkh-3\x64\debug\mergewithtourclarist.obj
\\mac\home\desktop\lkh3-site\lkhwin-3.0.13\lkh-3\x64\debug\mergetourwithbesttour.obj
\\mac\home\desktop\lkh3-site\lkhwin-3.0.13\lkh-3\x64\debug\makekoptmove.obj
\\mac\home\desktop\lkh3-site\lkhwin-3.0.13\lkh-3\x64\debug\make5optmove.obj
\\mac\home\desktop\lkh3-site\lkhwin-3.0.13\lkh-3\x64\debug\make4optmove.obj
\\mac\home\desktop\lkh3-site\lkhwin-3.0.13\lkh-3\x64\debug\make3optmove.obj
\\mac\home\desktop\lkh3-site\lkhwin-3.0.13\lkh-3\x64\debug\make2optmove.obj
\\mac\home\desktop\lkh3-site\lkhwin-3.0.13\lkh-3\x64\debug\lkhmain.obj
\\mac\home\desktop\lkh3-site\lkhwin-3.0.13\lkh-3\x64\debug\lkh.obj
\\mac\home\desktop\lkh3-site\lkhwin-3.0.13\lkh-3\x64\debug\linkernighan.obj
\\mac\home\desktop\lkh3-site\lkhwin-3.0.13\lkh-3\x64\debug\kswapkick.obj
\\mac\home\desktop\lkh3-site\lkhwin-3.0.13\lkh-3\x64\debug\ispossiblecandidate.obj
\\mac\home\desktop\lkh3-site\lkhwin-3.0.13\lkh-3\x64\debug\iscommonedge.obj
\\mac\home\desktop\lkh3-site\lkhwin-3.0.13\lkh-3\x64\debug\iscandidate.obj
\\mac\home\desktop\lkh3-site\lkhwin-3.0.13\lkh-3\x64\debug\penalty_cvrp.obj
\\mac\home\desktop\lkh3-site\lkhwin-3.0.13\lkh-3\x64\debug\penalty_ctsp_d.obj
\\mac\home\desktop\lkh3-site\lkhwin-3.0.13\lkh-3\x64\debug\penalty_ctsp.obj
\\mac\home\desktop\lkh3-site\lkhwin-3.0.13\lkh-3\x64\debug\penalty_cluvrp.obj
\\mac\home\desktop\lkh3-site\lkhwin-3.0.13\lkh-3\x64\debug\penalty_ccvrp.obj
\\mac\home\desktop\lkh3-site\lkhwin-3.0.13\lkh-3\x64\debug\penalty_ccctsp.obj
\\mac\home\desktop\lkh3-site\lkhwin-3.0.13\lkh-3\x64\debug\penalty_cbtsp.obj
\\mac\home\desktop\lkh3-site\lkhwin-3.0.13\lkh-3\x64\debug\penalty_cbntsp.obj
\\mac\home\desktop\lkh3-site\lkhwin-3.0.13\lkh-3\x64\debug\penalty_bwtsp.obj
\\mac\home\desktop\lkh3-site\lkhwin-3.0.13\lkh-3\x64\debug\penalty_acvrp.obj
\\mac\home\desktop\lkh3-site\lkhwin-3.0.13\lkh-3\x64\debug\penalty_1_pdtsp.obj
\\mac\home\desktop\lkh3-site\lkhwin-3.0.13\lkh-3\x64\debug\pdptw_reduce.obj
\\mac\home\desktop\lkh3-site\lkhwin-3.0.13\lkh-3\x64\debug\pctsp_repairtour.obj
\\mac\home\desktop\lkh3-site\lkhwin-3.0.13\lkh-3\x64\debug\pctsp_initialtour.obj
\\mac\home\desktop\lkh3-site\lkhwin-3.0.13\lkh-3\x64\debug\patchcycles.obj
\\mac\home\desktop\lkh3-site\lkhwin-3.0.13\lkh-3\x64\debug\ordercandidateset.obj
\\mac\home\desktop\lkh3-site\lkhwin-3.0.13\lkh-3\x64\debug\normalizesegmentlist.obj
\\mac\home\desktop\lkh3-site\lkhwin-3.0.13\lkh-3\x64\debug\normalizenodelist.obj
\\mac\home\desktop\lkh3-site\lkhwin-3.0.13\lkh-3\x64\debug\mtsp_writesolution.obj
\\mac\home\desktop\lkh3-site\lkhwin-3.0.13\lkh-3\x64\debug\mtsp_report.obj
\\mac\home\desktop\lkh3-site\lkhwin-3.0.13\lkh-3\x64\debug\penalty_tsppd.obj
\\mac\home\desktop\lkh3-site\lkhwin-3.0.13\lkh-3\x64\debug\penalty_tspdl.obj
\\mac\home\desktop\lkh3-site\lkhwin-3.0.13\lkh-3\x64\debug\penalty_trp.obj
\\mac\home\desktop\lkh3-site\lkhwin-3.0.13\lkh-3\x64\debug\penalty_sop.obj
\\mac\home\desktop\lkh3-site\lkhwin-3.0.13\lkh-3\x64\debug\penalty_rctvrp.obj
\\mac\home\desktop\lkh3-site\lkhwin-3.0.13\lkh-3\x64\debug\penalty_ptsp.obj
\\mac\home\desktop\lkh3-site\lkhwin-3.0.13\lkh-3\x64\debug\penalty_pdtspl.obj
\\mac\home\desktop\lkh3-site\lkhwin-3.0.13\lkh-3\x64\debug\penalty_pdtspf.obj
\\mac\home\desktop\lkh3-site\lkhwin-3.0.13\lkh-3\x64\debug\penalty_pdtsp.obj
\\mac\home\desktop\lkh3-site\lkhwin-3.0.13\lkh-3\x64\debug\penalty_pdptw.obj
\\mac\home\desktop\lkh3-site\lkhwin-3.0.13\lkh-3\x64\debug\penalty_pctsp.obj
\\mac\home\desktop\lkh3-site\lkhwin-3.0.13\lkh-3\x64\debug\penalty_ovrp.obj
\\mac\home\desktop\lkh3-site\lkhwin-3.0.13\lkh-3\x64\debug\penalty_m_pdtsp.obj
\\mac\home\desktop\lkh3-site\lkhwin-3.0.13\lkh-3\x64\debug\penalty_mtsp.obj
\\mac\home\desktop\lkh3-site\lkhwin-3.0.13\lkh-3\x64\debug\penalty_msctsp.obj
\\mac\home\desktop\lkh3-site\lkhwin-3.0.13\lkh-3\x64\debug\penalty_mlp.obj
\\mac\home\desktop\lkh3-site\lkhwin-3.0.13\lkh-3\x64\debug\penalty_m1_pdtsp.obj
\\mac\home\desktop\lkh3-site\lkhwin-3.0.13\lkh-3\x64\debug\penalty_ktsp.obj
\\mac\home\desktop\lkh3-site\lkhwin-3.0.13\lkh-3\x64\debug\penalty_gctsp.obj
\\mac\home\desktop\lkh3-site\lkhwin-3.0.13\lkh-3\x64\debug\penalty_cvrptw.obj
\\mac\home\desktop\lkh3-site\lkhwin-3.0.13\lkh-3\x64\debug\segmentsize.obj
\\mac\home\desktop\lkh3-site\lkhwin-3.0.13\lkh-3\x64\debug\restoretour.obj
\\mac\home\desktop\lkh3-site\lkhwin-3.0.13\lkh-3\x64\debug\resetcandidateset.obj
\\mac\home\desktop\lkh3-site\lkhwin-3.0.13\lkh-3\x64\debug\removefirstactive.obj
\\mac\home\desktop\lkh3-site\lkhwin-3.0.13\lkh-3\x64\debug\recordbettertour.obj
\\mac\home\desktop\lkh3-site\lkhwin-3.0.13\lkh-3\x64\debug\recordbesttour.obj
\\mac\home\desktop\lkh3-site\lkhwin-3.0.13\lkh-3\x64\debug\readproblem.obj
\\mac\home\desktop\lkh3-site\lkhwin-3.0.13\lkh-3\x64\debug\readpenalties.obj
\\mac\home\desktop\lkh3-site\lkhwin-3.0.13\lkh-3\x64\debug\readparameters.obj
\\mac\home\desktop\lkh3-site\lkhwin-3.0.13\lkh-3\x64\debug\readline.obj
\\mac\home\desktop\lkh3-site\lkhwin-3.0.13\lkh-3\x64\debug\readedges.obj
\\mac\home\desktop\lkh3-site\lkhwin-3.0.13\lkh-3\x64\debug\readcandidates.obj
\\mac\home\desktop\lkh3-site\lkhwin-3.0.13\lkh-3\x64\debug\random.obj
\\mac\home\desktop\lkh3-site\lkhwin-3.0.13\lkh-3\x64\debug\printparameters.obj
\\mac\home\desktop\lkh3-site\lkhwin-3.0.13\lkh-3\x64\debug\printff.obj
\\mac\home\desktop\lkh3-site\lkhwin-3.0.13\lkh-3\x64\debug\penalty_vrppd.obj
\\mac\home\desktop\lkh3-site\lkhwin-3.0.13\lkh-3\x64\debug\penalty_vrpbtw.obj
\\mac\home\desktop\lkh3-site\lkhwin-3.0.13\lkh-3\x64\debug\penalty_vrpb.obj
\\mac\home\desktop\lkh3-site\lkhwin-3.0.13\lkh-3\x64\debug\penalty_tsp_d.obj
\\mac\home\desktop\lkh3-site\lkhwin-3.0.13\lkh-3\x64\debug\penalty_tsptw.obj
\\mac\home\desktop\lkh3-site\lkhwin-3.0.13\lkh-3\x64\debug\sttsp2tsp.obj
\\mac\home\desktop\lkh3-site\lkhwin-3.0.13\lkh-3\x64\debug\storetour.obj
\\mac\home\desktop\lkh3-site\lkhwin-3.0.13\lkh-3\x64\debug\statusreport.obj
\\mac\home\desktop\lkh3-site\lkhwin-3.0.13\lkh-3\x64\debug\statistics.obj
\\mac\home\desktop\lkh3-site\lkhwin-3.0.13\lkh-3\x64\debug\sop_report.obj
\\mac\home\desktop\lkh3-site\lkhwin-3.0.13\lkh-3\x64\debug\sop_repairtour.obj
\\mac\home\desktop\lkh3-site\lkhwin-3.0.13\lkh-3\x64\debug\sop_initialtour.obj
\\mac\home\desktop\lkh3-site\lkhwin-3.0.13\lkh-3\x64\debug\solvetoursegmentsubproblems.obj
\\mac\home\desktop\lkh3-site\lkhwin-3.0.13\lkh-3\x64\debug\solvesubproblemborderproblems.obj
\\mac\home\desktop\lkh3-site\lkhwin-3.0.13\lkh-3\x64\debug\solvesubproblem.obj
\\mac\home\desktop\lkh3-site\lkhwin-3.0.13\lkh-3\x64\debug\solvesfcsubproblems.obj
\\mac\home\desktop\lkh3-site\lkhwin-3.0.13\lkh-3\x64\debug\solverohesubproblems.obj
\\mac\home\desktop\lkh3-site\lkhwin-3.0.13\lkh-3\x64\debug\solvekmeanssubproblems.obj
\\mac\home\desktop\lkh3-site\lkhwin-3.0.13\lkh-3\x64\debug\solvekcentersubproblems.obj
\\mac\home\desktop\lkh3-site\lkhwin-3.0.13\lkh-3\x64\debug\solvekarpsubproblems.obj
\\mac\home\desktop\lkh3-site\lkhwin-3.0.13\lkh-3\x64\debug\solvedelaunaysubproblems.obj
\\mac\home\desktop\lkh3-site\lkhwin-3.0.13\lkh-3\x64\debug\solvecompressedsubproblem.obj
\\mac\home\desktop\lkh3-site\lkhwin-3.0.13\lkh-3\x64\debug\sintef_writesolution.obj
\\mac\home\desktop\lkh3-site\lkhwin-3.0.13\lkh-3\x64\debug\sfctour.obj
\\mac\home\desktop\lkh3-site\lkhwin-3.0.13\lkh-3\x64\debug\sequence.obj
\\mac\home\desktop\lkh3-site\lkhwin-3.0.13\lkh-3\x64\debug\writetour.obj
\\mac\home\desktop\lkh3-site\lkhwin-3.0.13\lkh-3\x64\debug\writepenalties.obj
\\mac\home\desktop\lkh3-site\lkhwin-3.0.13\lkh-3\x64\debug\writecandidates.obj
\\mac\home\desktop\lkh3-site\lkhwin-3.0.13\lkh-3\x64\debug\vrpb_reduce.obj
\\mac\home\desktop\lkh3-site\lkhwin-3.0.13\lkh-3\x64\debug\tsptw_reduce.obj
\\mac\home\desktop\lkh3-site\lkhwin-3.0.13\lkh-3\x64\debug\tsptw_makespancost.obj
\\mac\home\desktop\lkh3-site\lkhwin-3.0.13\lkh-3\x64\debug\tspdl_initialtour.obj
\\mac\home\desktop\lkh3-site\lkhwin-3.0.13\lkh-3\x64\debug\trimcandidateset.obj
\\mac\home\desktop\lkh3-site\lkhwin-3.0.13\lkh-3\x64\debug\symmetrizecandidateset.obj
\\mac\home\desktop\lkh3-site\lkhwin-3.0.13\lkh-3\x64\debug\lkh-3.ilk
\\mac\home\desktop\lkh3-site\lkhwin-3.0.13\lkh-3\x64\debug\lkh-3.tlog\link.read.1.tlog
\\mac\home\desktop\lkh3-site\lkhwin-3.0.13\lkh-3\x64\debug\lkh-3.tlog\link.command.1.tlog
\\mac\home\desktop\lkh3-site\lkhwin-3.0.13\lkh-3\x64\debug\lkh-3.tlog\link.write.1.tlog
\\mac\home\desktop\lkh3-site\lkhwin-3.0.13\lkh-3\x64\debug\lkh-3.tlog\cl.read.1.tlog
\\mac\home\desktop\lkh3-site\lkhwin-3.0.13\lkh-3\x64\debug\lkh-3.tlog\link.secondary.1.tlog
\\mac\home\desktop\lkh3-site\lkhwin-3.0.13\lkh-3\x64\debug\lkh-3.tlog\cl.command.1.tlog
\\mac\home\desktop\lkh3-site\lkhwin-3.0.13\lkh-3\x64\debug\lkh-3.tlog\cl.write.1.tlog
\\mac\home\desktop\lkh3-site\lkhwin-3.0.13\lkh-3\x64\debug\lkh-3.tlog\cl.items.tlog
