  GCTSP_InitialTour.c
  LKH.c
  MergeWithTourCLARIST.c
  PCTSP_InitialTour.c
  PCTSP_RepairTour.c
  Penalty_CBTSP.c
  Penalty_CBnTSP.c
  Penalty_CCCTSP.c
  Penalty_CTSP_D.c
  Penalty_CluVRP.c
  Penalty_GCTSP.c
  Penalty_KTSP.c
  Penalty_MSCTSP.c
  Penalty_PCTSP.c
  Penalty_PTSP.c
  Penalty_TSP_D.c
  Activate.c
  AddCandidate.c
  AddExtraCandidates.c
  AddTourCandidates.c
  Generating Code...
  Compiling...
  AdjustCandidateSet.c
  AdjustClusters.c
  AllocateStructures.c
  Ascent.c
  BIT.c
  Best2OptMove.c
  Best3OptMove.c
  Best4OptMove.c
  Best5OptMove.c
  BestKOptMove.c
  BestSpecialOptMove.c
  Between.c
  Between_SL.c
  Between_SSL.c
  BridgeGain.c
  BuildKDTree.c
  C.c
  CTSP_InitialTour.c
  CVRP_InitialTour.c
  CandidateReport.c
  Generating Code...
  Compiling...
  ChooseInitialTour.c
  Connect.c
  CreateCandidateSet.c
  CreateDelaunayCandidateSet.c
  CreateNNCandidateSet.c
  CreateQuadrantCandidateSet.c
  Create_POPMUSIC_CandidateSet.c
  Delaunay.c
  Distance.c
  Distance_MTSP.c
  Distance_SOP.c
  Distance_SPECIAL.c
  ERXT.c
  Excludable.c
  Exclude.c
  FindTour.c
  FixedOrCommonCandidates.c
  Flip.c
  Flip_SL.c
  Flip_SSL.c
  Generating Code...
  Compiling...
  Forbidden.c
  FreeStructures.c
  Gain23.c
  GenerateCandidates.c
  Genetic.c
  GeoConversion.c
  GetTime.c
\\mac\Home\Desktop\LKH3-site\LKHWin-3.0.13\src\GetTime.c(3,8): warning C4067: unexpected tokens following preprocessor directive - expected a newline
  GreedyTour.c
  Hashing.c
  Heap.c
  Improvement.c
  IsBackboneCandidate.c
  IsCandidate.c
  IsCommonEdge.c
  IsPossibleCandidate.c
  KSwapKick.c
  LKHmain.c
  LinKernighan.c
  MTSP2TSP.c
  MTSP_InitialTour.c
  Generating Code...
  Compiling...
  MTSP_Report.c
  MTSP_WriteSolution.c
  Make2OptMove.c
  Make3OptMove.c
  Make4OptMove.c
  Make5OptMove.c
  MakeKOptMove.c
  MergeTourWithBestTour.c
  MergeWithTourGPX2.c
  MergeWithTourIPT.c
  Minimum1TreeCost.c
  MinimumSpanningTree.c
  NormalizeNodeList.c
  NormalizeSegmentList.c
  OrderCandidateSet.c
  PDPTW_Reduce.c
  PatchCycles.c
  Penalty_1_PDTSP.c
  Penalty_ACVRP.c
  Penalty_BWTSP.c
  Generating Code...
  Compiling...
  Penalty_CCVRP.c
  Penalty_CTSP.c
  Penalty_CVRP.c
  Penalty_CVRPTW.c
  Penalty_M1_PDTSP.c
  Penalty_MLP.c
  Penalty_MTSP.c
  Penalty_M_PDTSP.c
  Penalty_OVRP.c
  Penalty_PDPTW.c
  Penalty_PDTSP.c
  Penalty_PDTSPF.c
  Penalty_PDTSPL.c
  Penalty_RCTVRP.c
  Penalty_SOP.c
  Penalty_TRP.c
  Penalty_TSPDL.c
  Penalty_TSPPD.c
  Penalty_TSPTW.c
  Penalty_VRPB.c
  Generating Code...
  Compiling...
  Penalty_VRPBTW.c
  Penalty_VRPPD.c
  PrintParameters.c
  Random.c
  ReadCandidates.c
  ReadEdges.c
  ReadLine.c
  ReadParameters.c
  ReadPenalties.c
  ReadProblem.c
  RecordBestTour.c
  RecordBetterTour.c
  RemoveFirstActive.c
  ResetCandidateSet.c
  RestoreTour.c
  SFCTour.c
  SINTEF_WriteSolution.c
  SOP_InitialTour.c
  SOP_RepairTour.c
  SOP_Report.c
  Generating Code...
  Compiling...
  STTSP2TSP.c
  SegmentSize.c
  Sequence.c
  SolveCompressedSubproblem.c
  SolveDelaunaySubproblems.c
  SolveKCenterSubproblems.c
  SolveKMeansSubproblems.c
  SolveKarpSubproblems.c
  SolveRoheSubproblems.c
  SolveSFCSubproblems.c
  SolveSubproblem.c
  SolveSubproblemBorderProblems.c
  SolveTourSegmentSubproblems.c
  Statistics.c
  StatusReport.c
  StoreTour.c
  SymmetrizeCandidateSet.c
  TSPDL_InitialTour.c
  TSPTW_MakespanCost.c
  TSPTW_Reduce.c
  Generating Code...
  Compiling...
  TrimCandidateSet.c
  VRPB_Reduce.c
  WriteCandidates.c
  WritePenalties.c
  WriteTour.c
  eprintf.c
  fscanint.c
  gpx.c
  printff.c
  Generating Code...
  LKH-3.vcxproj -> \\Mac\Home\Desktop\LKH3-site\LKHWin-3.0.13\x64\Release\LKH-3.exe
